// Jest Snapshot v1, https://goo.gl/fbAQLP

exports[`Test My Post Screen should render correctly 1`] = `
<View
  collapsable={false}
  pointerEvents="box-none"
  style={
    Object {
      "flex": 1,
    }
  }
>
  <View
    style={
      Object {
        "alignItems": "center",
        "backgroundColor": "#ffffff",
        "flex": 1,
        "padding": 20,
      }
    }
  >
    <RCTScrollView
      ListEmptyComponent={[Function]}
      data={Array []}
      getItem={[Function]}
      getItemCount={[Function]}
      keyExtractor={[Function]}
      onContentSizeChange={[Function]}
      onLayout={[Function]}
      onMomentumScrollBegin={[Function]}
      onMomentumScrollEnd={[Function]}
      onRefresh={[Function]}
      onScroll={[Function]}
      onScrollBeginDrag={[Function]}
      onScrollEndDrag={[Function]}
      refreshControl={
        <RefreshControlMock
          onRefresh={[Function]}
          refreshing={false}
        />
      }
      refreshing={false}
      removeClippedSubviews={false}
      renderItem={[Function]}
      scrollEventThrottle={50}
      showsVerticalScrollIndicator={false}
      stickyHeaderIndices={Array []}
      viewabilityConfigCallbackPairs={Array []}
    >
      <RCTRefreshControl />
      <View>
        <Text
          style={
            Array [
              Object {
                "color": "#000000",
                "fontFamily": "System",
                "fontWeight": "400",
              },
              Object {
                "textAlign": "left",
              },
              undefined,
            ]
          }
        >
          There are no posts to approve
        </Text>
      </View>
    </RCTScrollView>
  </View>
</View>
`;
